#-----------------------------------------------------------
# Vivado v2023.2 (64-bit)
# SW Build 4029153 on Fri Oct 13 20:14:34 MDT 2023
# IP Build 4028589 on Sat Oct 14 00:45:43 MDT 2023
# SharedData Build 4025554 on Tue Oct 10 17:18:54 MDT 2023
# Start of session at: Fri Oct  4 20:07:04 2024
# Process ID: 10060
# Current directory: C:/Users/NEEL/Downloads/verilog/Sequential Circuits/master_slave_ff/master_slave_ff.runs/synth_1
# Command line: vivado.exe -log m_s_ff.vds -product Vivado -mode batch -messageDb vivado.pb -notrace -source m_s_ff.tcl
# Log file: C:/Users/NEEL/Downloads/verilog/Sequential Circuits/master_slave_ff/master_slave_ff.runs/synth_1/m_s_ff.vds
# Journal file: C:/Users/NEEL/Downloads/verilog/Sequential Circuits/master_slave_ff/master_slave_ff.runs/synth_1\vivado.jou
# Running On: LAPTOP-D8D1P33S, OS: Windows, CPU Frequency: 3110 MHz, CPU Physical cores: 12, Host memory: 16869 MB
#-----------------------------------------------------------
source m_s_ff.tcl -notrace
