Copyright 1986-2022 Xilinx, Inc. All Rights Reserved. Copyright 2022-2023 Advanced Micro Devices, Inc. All Rights Reserved.
------------------------------------------------------------------------------------------------------------------------------------------------------------------------------------------
| Tool Version : Vivado v.2023.2 (win64) Build 4029153 Fri Oct 13 20:14:34 MDT 2023
| Date         : Sun Oct 20 02:50:00 2024
| Host         : LAPTOP-D8D1P33S running 64-bit major release  (build 9200)
| Command      : report_bus_skew -warn_on_violation -file barrel_shifter_4bit_bus_skew_routed.rpt -pb barrel_shifter_4bit_bus_skew_routed.pb -rpx barrel_shifter_4bit_bus_skew_routed.rpx
| Design       : barrel_shifter_4bit
| Device       : 7k70t-fbv676
| Speed File   : -1  PRODUCTION 1.12 2017-02-17
| Design State : Routed
------------------------------------------------------------------------------------------------------------------------------------------------------------------------------------------

Bus Skew Report

No bus skew constraints

